// Jest Snapshot v1, https://goo.gl/fbAQLP

exports[`<Navbar /> should match a snapshot 1`] = `
<div
  class="sc-bcXHqe hRDJHb"
>
  <div
    class="sc-gswNZR"
  >
    <span
      class="sc-dkrFOg rMHSl"
    >
      <svg
        class="MuiSvgIcon-root MuiSvgIcon-fontSizeMedium css-i4bv87-MuiSvgIcon-root"
        data-testid="menu-icon"
        focusable="false"
        role="img"
        style="font-size: 2.5rem;"
        viewBox="0 0 24 24"
      >
        <path
          d="M3 18h18v-2H3v2zm0-5h18v-2H3v2zm0-7v2h18V6H3z"
        />
        <title>
          Close Menu
        </title>
      </svg>
    </span>
  </div>
  <div
    class="sc-hLBbgP"
  >
    <h2>
      Right
    </h2>
  </div>
</div>
`;
